src/app/admin/tms/leases/page.tsx(63,49): error TS2322: Type '{ size: number; weight: string; }' is not assignable to type 'IntrinsicAttributes & Omit<LucideProps, "ref"> & RefAttributes<SVGSVGElement>'.
  Property 'weight' does not exist on type 'IntrinsicAttributes & Omit<LucideProps, "ref"> & RefAttributes<SVGSVGElement>'. Did you mean 'height'?
src/app/admin/tms/tenants/[id]/page.tsx(194,49): error TS2322: Type '{ metadata: any; status: any; }' is not assignable to type 'IntrinsicAttributes & LifecycleTimelineProps'.
  Property 'metadata' does not exist on type 'IntrinsicAttributes & LifecycleTimelineProps'.
src/app/admin/tms/tenants/[id]/page.tsx(370,17): error TS2322: Type '{ opened: boolean; onClose: () => void; tenant: Tenant; onUpdate: () => Promise<void>; }' is not assignable to type 'IntrinsicAttributes & PipelineUpdateModalProps'.
  Property 'tenant' does not exist on type 'IntrinsicAttributes & PipelineUpdateModalProps'.
